// Jest Snapshot v1, https://goo.gl/fbAQLP

exports[`Pruebas en <skills /> Debe de mostrarse correctamente 1`] = `
<div>
  <div
    id="skills"
  />
  <h2
    className="title_section"
  >
    Skills
  </h2>
  <styled.div>
    <styled.div
      key="0"
    >
      <styled.img
        alt="Html5"
      />
      <styled.p>
        Html5
      </styled.p>
    </styled.div>
    <styled.div
      key="1"
    >
      <styled.img
        alt="CSS3"
      />
      <styled.p>
        CSS3
      </styled.p>
    </styled.div>
    <styled.div
      key="2"
    >
      <styled.img
        alt="JavaScript"
      />
      <styled.p>
        JavaScript
      </styled.p>
    </styled.div>
    <styled.div
      key="3"
    >
      <styled.img
        alt="React.js"
      />
      <styled.p>
        React.js
      </styled.p>
    </styled.div>
    <styled.div
      key="4"
    >
      <styled.img
        alt="Redux"
      />
      <styled.p>
        Redux
      </styled.p>
    </styled.div>
    <styled.div
      key="5"
    >
      <styled.img
        alt="Sass"
      />
      <styled.p>
        Sass
      </styled.p>
    </styled.div>
    <styled.div
      key="6"
    >
      <styled.img
        alt="Bootstrap"
      />
      <styled.p>
        Bootstrap
      </styled.p>
    </styled.div>
    <styled.div
      key="7"
    >
      <styled.img
        alt="Git"
      />
      <styled.p>
        Git
      </styled.p>
    </styled.div>
    <styled.div
      key="8"
    >
      <styled.img
        alt="Github"
      />
      <styled.p>
        Github
      </styled.p>
    </styled.div>
  </styled.div>
</div>
`;
